run-heavy: mem-cap=24G (cgroup, hard) jobs=28/32 avail=50320MiB :: /home/lilith/work/how-far/dev/stage-suggestions/target/release/stage-suggestions --json /home/lilith/tmp/stage-suggestions/final/run-1
=== zenflate-effort200-16mb [zenflate]
  deflate_compress at effort 200 (30+ optimal-parse iterations) on 16MB mixed data
  ok: 16777216B -> 5872779B in 680.123724282s
  wall 680123.7 ms, 201285 checks at 12 locations; first call at 0.6 ms, nothing timed for the last 36.7 ms
  zenflate       100.0%       0.6 to 680087.1 ms     201285 checks
       97.5%     503.3 to 679725.9 ms     188145 checks  src/compress/full_optimal.rs:1096
        0.9%     492.1 to 678973.3 ms       2760 checks  src/compress/full_optimal.rs:1602
        0.7%     500.3 to 613501.3 ms       1831 checks  src/compress/full_optimal.rs:1136
        0.6%     792.0 to 679257.2 ms       2760 checks  src/compress/full_optimal.rs:1641

=== zenflate-effort200-small [zenflate]
  effort 200 on 256KB — checks whether small inputs still see poll traffic
  ok: 262144B -> 89601B in 9.039094169s
  wall 9039.1 ms, 3265 checks at 12 locations; first call at 0.2 ms, nothing timed for the last 1.3 ms
  zenflate       100.0%       0.2 to   9037.8 ms       3265 checks
       93.0%      17.2 to   9034.3 ms       2775 checks  src/compress/full_optimal.rs:1096
        5.0%      92.5 to   8968.8 ms        184 checks  src/compress/full_optimal.rs:1641
        1.0%      11.0 to   8922.0 ms        184 checks  src/compress/full_optimal.rs:1602
        0.7%      14.1 to     90.4 ms         28 checks  src/compress/full_optimal.rs:1136

=== zenpng-maniac-2048 [zenpng]
  encode_rgb8 Compression::Maniac on 2048x2048 (both cancel+deadline metered)
  ok: 2048x2048 -> 5843112B in 119.428100023s
  wall 119428.1 ms, 1080787 checks at 22 locations; first call at 45.6 ms, nothing timed for the last 53.5 ms
  SuggestedStages: task "zenpng-maniac-2048": its checkpoints ran in 3 stretches, one after another; 40309.6 ms (34%) of the timed intervals ended at locations spanning several stretches (outer loops), and the weights spread that time over the stretches in proportion
  Declaring these as stages (Stages or Phases) lets the bar, and any smoothing of it, follow each part's own pace, and names each part in diagnostics. Give each stage a unit it can report, such as the loop iterations behind its checks. Each range is when a stretch's locations were called; the intervals its weight counts end at those calls, so its work starts before its range (setup before a first check counts toward the first stretch). Locations whose calls span several stretches (outer loops) are left out of the stretches and their time is spread over them. The weights are one run's shares of time: check them across inputs before relying on them.
Stages::new(pulse, &[
    PhaseSpec::new("/home/lilith/.cargo/registry/src/index.crates.io-1949cf8c6b5b557f/zenflate-0.3.6/src/compress/mod.rs:2099", 86, Total::Estimated(866652)), // calls 201.7 to 95399.6 ms; 68219.9 ms of intervals end at them; 866652 checks: report a unit per check
    PhaseSpec::new("/home/lilith/work/zen/zenpng/src/encoder/filter.rs:361", 3, Total::Estimated(20480)), // calls 97241.4 to 101174.5 ms; 2139.2 ms of intervals end at them; 20480 checks: report a unit per check
    PhaseSpec::new("/home/lilith/work/zen/zenpng/src/encoder/filter.rs:640", 11, Total::Estimated(65517)), // calls 102876.8 to 119428.1 ms; 8759.4 ms of intervals end at them; 65517 checks: report a unit per check
])

  zenflate        90.6%      45.6 to 119374.6 ms     993396 checks
       35.5%   16450.6 to  95399.6 ms     530632 checks  src/compress/mod.rs:2099
       21.5%   11381.3 to  95399.4 ms     334642 checks  src/compress/mod.rs:2078
        8.7%    1544.7 to 119374.6 ms       2579 checks  src/compress/mod.rs:2737
        7.9%    1545.1 to 119373.0 ms      17943 checks  src/compress/mod.rs:2757
  zenpng           9.4%     201.7 to 118471.9 ms      87391 checks
        6.1%  102876.8 to 111844.6 ms      61420 checks  src/encoder/filter.rs:640
        1.8%   97241.4 to 101174.5 ms      20480 checks  src/encoder/filter.rs:361
        1.2%  113577.6 to 116778.9 ms       4096 checks  src/encoder/filter.rs:469
        0.1%   39314.3 to  95392.9 ms       1366 checks  src/encoder/filter.rs:898

=== zenpng-decode-balanced [zenpng]
  decode a Balanced-compressed 2048x2048 PNG (decode poll pattern)
  ok: 6071861B png -> 2048x2048 in 41.878415ms
  wall 41.9 ms, 2048 checks at 2 locations; first call at 1.4 ms, nothing timed for the last 0.0 ms
  SuggestedStages: task "zenpng-decode-balanced": its checkpoints ran in 2 stretches, one after another; the sample code lists them with this run's shares of time
  Declaring these as stages (Stages or Phases) lets the bar, and any smoothing of it, follow each part's own pace, and names each part in diagnostics. Give each stage a unit it can report, such as the loop iterations behind its checks. Each range is when a stretch's locations were called; the intervals its weight counts end at those calls, so its work starts before its range (setup before a first check counts toward the first stretch). Locations whose calls span several stretches (outer loops) are left out of the stretches and their time is spread over them. The weights are one run's shares of time: check them across inputs before relying on them.
Stages::new(pulse, &[
    PhaseSpec::new("/home/lilith/work/zen/zenpng/src/decoder/mod.rs:298", 3, Total::Estimated(1)), // calls 1.4 to 1.4 ms; 1.4 ms of intervals end at them; 1 checks: report a unit per check
    PhaseSpec::new("/home/lilith/work/zen/zenpng/src/decoder/mod.rs:315", 97, Total::Estimated(2047)), // calls 1.4 to 41.9 ms; 40.5 ms of intervals end at them; 2047 checks: report a unit per check
])

  zenpng         100.0%       1.4 to     41.9 ms       2048 checks
       96.6%       1.4 to     41.9 ms       2047 checks  src/decoder/mod.rs:315
        3.3%       1.4 to      1.4 ms          1 checks  src/decoder/mod.rs:298

=== zenjpeg-encode-progressive-4k [zenjpeg]
  EncodeRequest progressive encode of 3840x2160 RGBA
  ok: 3840x2160 -> 2217903B jpeg in 142.017142ms
  wall 142.0 ms, 271 checks at 2 locations; first call at 0.4 ms, nothing timed for the last 93.6 ms
  SuggestedStages: task "zenjpeg-encode-progressive-4k": its checkpoints ran in 2 stretches, one after another; the sample code lists them with this run's shares of time
  Declaring these as stages (Stages or Phases) lets the bar, and any smoothing of it, follow each part's own pace, and names each part in diagnostics. Give each stage a unit it can report, such as the loop iterations behind its checks. Each range is when a stretch's locations were called; the intervals its weight counts end at those calls, so its work starts before its range (setup before a first check counts toward the first stretch). Locations whose calls span several stretches (outer loops) are left out of the stretches and their time is spread over them. The weights are one run's shares of time: check them across inputs before relying on them.
Stages::new(pulse, &[
    PhaseSpec::new("/home/lilith/work/zen/zenjpeg/zenjpeg/src/encode/streaming.rs:670", 34, Total::Estimated(271)), // calls 0.4 to 48.5 ms; 48.5 ms of intervals end at them; 271 checks: report a unit per check
    PhaseSpec::new("after /home/lilith/work/zen/zenjpeg/zenjpeg/src/encode/streaming.rs:670", 66, Total::Exact(1)), // 48.5 to 142.0 ms after the last timed check or report: add checks and units here
])

  zenjpeg         34.1%       0.4 to     48.5 ms        271 checks
       33.9%       0.4 to     48.5 ms        270 checks  src/encode/streaming.rs:670
        0.3%       0.4 to      0.4 ms          1 checks  src/encode/byte_encoders.rs:268

=== zenjpeg-decode-progressive-4k [zenjpeg]
  DecodeConfig::decode on a large progressive JPEG
  ok: 2217903B jpeg -> 3840x2160 in 109.125967ms
  wall 109.1 ms, 493 checks at 4 locations; first call at 0.0 ms, nothing timed for the last 41.3 ms
  SuggestedStages: task "zenjpeg-decode-progressive-4k": its checkpoints ran in 4 stretches, one after another; 2.5 ms (2%) of the timed intervals ended at locations spanning several stretches (outer loops), and the weights spread that time over the stretches in proportion
  Declaring these as stages (Stages or Phases) lets the bar, and any smoothing of it, follow each part's own pace, and names each part in diagnostics. Give each stage a unit it can report, such as the loop iterations behind its checks. Each range is when a stretch's locations were called; the intervals its weight counts end at those calls, so its work starts before its range (setup before a first check counts toward the first stretch). Locations whose calls span several stretches (outer loops) are left out of the stretches and their time is spread over them. The weights are one run's shares of time: check them across inputs before relying on them.
Stages::new(pulse, &[
    PhaseSpec::new("/home/lilith/work/zen/zenjpeg/zenjpeg/src/decode/parser/progressive.rs:229", 20, Total::Estimated(270)), // calls 7.7 to 20.9 ms; 20.9 ms of intervals end at them; 270 checks: report a unit per check
    PhaseSpec::new("/home/lilith/work/zen/zenjpeg/zenjpeg/src/entropy/decoder.rs:1717", 10, Total::Estimated(102)), // calls 21.0 to 32.9 ms; 11.3 ms of intervals end at them; 102 checks: report a unit per check
    PhaseSpec::new("/home/lilith/work/zen/zenjpeg/zenjpeg/src/entropy/decoder.rs:2131", 31, Total::Estimated(102)), // calls 32.9 to 67.5 ms; 33.2 ms of intervals end at them; 102 checks: report a unit per check
    PhaseSpec::new("after /home/lilith/work/zen/zenjpeg/zenjpeg/src/decode/parser/mod.rs:820", 39, Total::Exact(1)), // 67.9 to 109.1 ms after the last timed check or report: add checks and units here
])

  zenjpeg         62.2%       0.0 to     67.9 ms        493 checks
       30.4%      32.9 to     67.5 ms        102 checks  src/entropy/decoder.rs:2131
       19.2%       7.7 to     20.9 ms        270 checks  src/decode/parser/progressive.rs:229
       10.3%      21.0 to     32.9 ms        102 checks  src/entropy/decoder.rs:1717
        2.3%       0.0 to     67.9 ms         19 checks  src/decode/parser/mod.rs:820

=== zenwebp-lossy-m6-1024 [zenwebp]
  EncodeRequest::lossy method=6 (full trellis) on 1024x1024 RGBA
  ok: 1024x1024 -> 83452B webp in 541.319015ms
  wall 541.3 ms, 917 checks at 25 locations; first call at 0.0 ms, nothing timed for the last 0.1 ms
  SuggestedStages: task "zenwebp-lossy-m6-1024": its checkpoints ran in 4 stretches, one after another; 35.9 ms (7%) of the timed intervals ended at locations spanning several stretches (outer loops), and the weights spread that time over the stretches in proportion
  Declaring these as stages (Stages or Phases) lets the bar, and any smoothing of it, follow each part's own pace, and names each part in diagnostics. Give each stage a unit it can report, such as the loop iterations behind its checks. Each range is when a stretch's locations were called; the intervals its weight counts end at those calls, so its work starts before its range (setup before a first check counts toward the first stretch). Locations whose calls span several stretches (outer loops) are left out of the stretches and their time is spread over them. The weights are one run's shares of time: check them across inputs before relying on them.
Stages::new(pulse, &[
    PhaseSpec::new("/home/lilith/work/zen/zenwebp/src/encoder/vp8/mod.rs:2020", 22, Total::Estimated(257)), // calls 0.0 to 111.3 ms; 111.3 ms of intervals end at them; 257 checks: report a unit per check
    PhaseSpec::new("/home/lilith/work/zen/zenwebp/src/encoder/vp8l/transforms.rs:2033", 3, Total::Estimated(32)), // calls 118.9 to 128.2 ms; 16.9 ms of intervals end at them; 32 checks: report a unit per check
    PhaseSpec::new("/home/lilith/work/zen/zenwebp/src/encoder/vp8l/transforms.rs:545", 68, Total::Estimated(335)), // calls 130.5 to 505.3 ms; 343.7 ms of intervals end at them; 335 checks: report a unit per check
    PhaseSpec::new("/home/lilith/work/zen/zenwebp/src/encoder/vp8l/cost_model.rs:590", 7, Total::Estimated(133)), // calls 507.1 to 541.3 ms; 33.4 ms of intervals end at them; 133 checks: report a unit per check
])

  zenwebp        100.0%       0.0 to    541.2 ms        917 checks
       60.5%     130.5 to    459.4 ms        192 checks  src/encoder/vp8l/transforms.rs:545
       20.6%      18.9 to    111.3 ms        256 checks  src/encoder/vp8/mod.rs:2020
        4.8%     464.5 to    539.0 ms         34 checks  src/encoder/vp8l/hash_chain.rs:167
        4.5%     507.1 to    530.6 ms         32 checks  src/encoder/vp8l/cost_model.rs:590

=== zenwebp-lossless-2048 [zenwebp]
  lossless encode 2048x2048 (VP8L backward-refs heavy path)
  ok: 2048x2048 -> 6155124B lossless webp in 2.147955077s
  wall 2148.0 ms, 3104 checks at 23 locations; first call at 38.6 ms, nothing timed for the last 3.1 ms
  SuggestedStages: task "zenwebp-lossless-2048": its checkpoints ran in 8 stretches, one after another; 587.4 ms (27%) of the timed intervals ended at locations spanning several stretches (outer loops), and the weights spread that time over the stretches in proportion
  Declaring these as stages (Stages or Phases) lets the bar, and any smoothing of it, follow each part's own pace, and names each part in diagnostics. Give each stage a unit it can report, such as the loop iterations behind its checks. Each range is when a stretch's locations were called; the intervals its weight counts end at those calls, so its work starts before its range (setup before a first check counts toward the first stretch). Locations whose calls span several stretches (outer loops) are left out of the stretches and their time is spread over them. The weights are one run's shares of time: check them across inputs before relying on them.
Stages::new(pulse, &[
    PhaseSpec::new("/home/lilith/work/zen/zenwebp/src/encoder/vp8l/transforms.rs:474", 2, Total::Estimated(1)), // calls 38.6 to 38.6 ms; 38.6 ms of intervals end at them; 1 checks: report a unit per check
    PhaseSpec::new("/home/lilith/work/zen/zenwebp/src/encoder/vp8l/transforms.rs:545", 37, Total::Estimated(96)), // calls 38.6 to 617.9 ms; 579.3 ms of intervals end at them; 96 checks: report a unit per check
    PhaseSpec::new("/home/lilith/work/zen/zenwebp/src/encoder/vp8l/transforms.rs:1470", 24, Total::Estimated(65)), // calls 618.3 to 999.6 ms; 373.6 ms of intervals end at them; 65 checks: report a unit per check
    PhaseSpec::new("/home/lilith/work/zen/zenwebp/src/encoder/vp8l/backward_refs.rs:520", 13, Total::Estimated(254)), // calls 1469.2 to 1716.1 ms; 200.0 ms of intervals end at them; 254 checks: report a unit per check
    PhaseSpec::new("/home/lilith/work/zen/zenwebp/src/encoder/vp8l/cost_model.rs:590", 4, Total::Estimated(128)), // calls 1756.0 to 1797.8 ms; 61.9 ms of intervals end at them; 128 checks: report a unit per check
    PhaseSpec::new("/home/lilith/work/zen/zenwebp/src/encoder/vp8l/cost_model.rs:686", 4, Total::Estimated(257)), // calls 1806.5 to 1879.2 ms; 60.8 ms of intervals end at them; 257 checks: report a unit per check
    PhaseSpec::new("/home/lilith/work/zen/zenwebp/src/encoder/vp8l/meta_huffman.rs:856", 10, Total::Estimated(1000)), // calls 1880.6 to 2039.7 ms; 160.4 ms of intervals end at them; 1000 checks: report a unit per check
    PhaseSpec::new("/home/lilith/work/zen/zenwebp/src/encoder/vp8l/encode.rs:1350", 6, Total::Estimated(127)), // calls 2063.1 to 2148.0 ms; 85.9 ms of intervals end at them; 127 checks: report a unit per check
])

  zenwebp         99.9%      38.6 to   2144.8 ms       3104 checks
       25.6%      38.6 to    589.2 ms         64 checks  src/encoder/vp8l/transforms.rs:545
       20.3%     618.0 to   2062.0 ms        131 checks  src/encoder/vp8l/hash_chain.rs:167
       17.4%     618.3 to    991.8 ms         64 checks  src/encoder/vp8l/transforms.rs:1470
        9.3%    1469.2 to   1716.1 ms        254 checks  src/encoder/vp8l/backward_refs.rs:520

=== zengif-encode-64f [zengif]
  encode_gif of 64 animated 512x512 frames (palette quantization)
  ok: 64 frames -> 2902938B gif in 7.883687661s
  wall 7883.7 ms, 22431 checks at 28 locations; first call at 0.0 ms, nothing timed for the last 0.0 ms
  SuggestedStages: task "zengif-encode-64f": its checkpoints ran in 3 stretches, one after another; 3460.6 ms (44%) of the timed intervals ended at locations spanning several stretches (outer loops), and the weights spread that time over the stretches in proportion
  Declaring these as stages (Stages or Phases) lets the bar, and any smoothing of it, follow each part's own pace, and names each part in diagnostics. Give each stage a unit it can report, such as the loop iterations behind its checks. Each range is when a stretch's locations were called; the intervals its weight counts end at those calls, so its work starts before its range (setup before a first check counts toward the first stretch). Locations whose calls span several stretches (outer loops) are left out of the stretches and their time is spread over them. The weights are one run's shares of time: check them across inputs before relying on them.
Stages::new(pulse, &[
    PhaseSpec::new("/home/lilith/work/zen/zenquant/src/histogram.rs:184", 29, Total::Estimated(1062)), // calls 0.0 to 1814.5 ms; 1271.4 ms of intervals end at them; 1062 checks: report a unit per check
    PhaseSpec::new("/home/lilith/work/zen/zenquant/src/median_cut.rs:29", 3, Total::Estimated(10)), // calls 1829.9 to 2029.8 ms; 141.2 ms of intervals end at them; 10 checks: report a unit per check
    PhaseSpec::new("/home/lilith/work/zen/zenquant/src/lib.rs:1415", 68, Total::Estimated(160)), // calls 2093.3 to 7883.7 ms; 3010.4 ms of intervals end at them; 160 checks: report a unit per check
])

  zengif           1.2%       0.0 to   7883.3 ms         68 checks
        1.2%       0.0 to   7883.3 ms         64 checks  src/encode/encoder.rs:543
        0.0%       0.0 to      0.0 ms          1 checks  src/encode/encoder.rs:194
        0.0%       0.0 to      0.0 ms          1 checks  src/quantize/zenquant_impl.rs:242
        0.0%       0.0 to      0.0 ms          1 checks  src/quantize/zenquant_impl.rs:213
  zenquant        98.8%       0.0 to   7883.7 ms      22363 checks
       18.9%    2214.2 to   7876.8 ms         32 checks  src/lib.rs:1415
       18.7%    2093.3 to   7883.7 ms         64 checks  src/lib.rs:2218
       15.3%     484.6 to   1687.4 ms       1024 checks  src/histogram.rs:184
       12.4%    1945.4 to   7821.9 ms       4224 checks  src/median_cut.rs:1214

=== zenbitmaps-pam-8k [zenbitmaps]
  encode_pam + decode roundtrip of 8K RGBA — fast path, poll-storm watch
  ok: 132710471B pam, decoded 132710400 bytes in 79.002171ms
  wall 79.0 ms, 272 checks at 3 locations; first call at 0.0 ms, nothing timed for the last 0.0 ms
  zenbitmaps     100.0%       0.0 to     79.0 ms        272 checks
       99.5%       0.0 to     78.6 ms        270 checks  src/pnm/encode.rs:63
        0.4%      79.0 to     79.0 ms          1 checks  src/pnm/mod.rs:79
        0.0%       0.0 to      0.0 ms          1 checks  src/pnm/encode.rs:34

=== zenzop-squeeze-enhanced-4mb [zenzop]
  enhanced zopfli, maxblocks=1 (largest DP per squeeze iter) on 4MB mixed
  ok: 4194304B -> 1480198B in 21.895804118s
  wall 21895.8 ms, 601552 checks at 15 locations; first call at 0.8 ms, nothing timed for the last 37.0 ms
  zenzop          99.8%       0.8 to  21858.8 ms     601552 checks
       97.5%     241.4 to  21858.8 ms     557039 checks  src/squeeze.rs:386
        0.9%       0.8 to    206.9 ms      43440 checks  src/lz77.rs:217
        0.5%    2357.1 to  16570.0 ms         15 checks  src/squeeze.rs:734
        0.3%     228.5 to  17765.9 ms         17 checks  src/squeeze.rs:351

=== butteraugli-2048 [butteraugli]
  compare_with_stop on two 2048x2048 sRGB images
  ok: score 2.640 in 1.07155447s
  wall 1071.6 ms, 2079 checks at 18 locations; first call at 458.2 ms, nothing timed for the last 14.6 ms
  SuggestedStages: task "butteraugli-2048": its checkpoints ran in 2 stretches, one after another; the sample code lists them with this run's shares of time
  Declaring these as stages (Stages or Phases) lets the bar, and any smoothing of it, follow each part's own pace, and names each part in diagnostics. Give each stage a unit it can report, such as the loop iterations behind its checks. Each range is when a stretch's locations were called; the intervals its weight counts end at those calls, so its work starts before its range (setup before a first check counts toward the first stretch). Locations whose calls span several stretches (outer loops) are left out of the stretches and their time is spread over them. The weights are one run's shares of time: check them across inputs before relying on them.
Stages::new(pulse, &[
    PhaseSpec::new("/home/lilith/work/butteraugli/butteraugli/src/precompute.rs:1084", 43, Total::Estimated(1)), // calls 458.2 to 458.2 ms; 458.2 ms of intervals end at them; 1 checks: report a unit per check
    PhaseSpec::new("/home/lilith/work/butteraugli/butteraugli/src/blur.rs:453", 57, Total::Estimated(2078)), // calls 458.2 to 1071.6 ms; 613.4 ms of intervals end at them; 2078 checks: report a unit per check
])

  butteraugli     98.6%     458.2 to   1057.0 ms       2079 checks
       42.8%     458.2 to    458.2 ms          1 checks  src/precompute.rs:1084
       13.0%     528.4 to   1025.8 ms        414 checks  src/blur.rs:453
       11.2%     582.3 to    956.7 ms        288 checks  src/malta.rs:1487
        6.4%     518.8 to   1005.9 ms        432 checks  src/blur.rs:102

=== fast-ssim2-2048 [fast-ssim2]
  compute_ssimulacra2_with_config on 2048x2048 RGB8 pair (simd)
  ok: ssim2 73.810 in 951.092592ms
  wall 951.1 ms, 793 checks at 12 locations; first call at 0.0 ms, nothing timed for the last 0.0 ms
  SuggestedStages: task "fast-ssim2-2048": its checkpoints ran in 2 stretches, one after another; the sample code lists them with this run's shares of time
  Declaring these as stages (Stages or Phases) lets the bar, and any smoothing of it, follow each part's own pace, and names each part in diagnostics. Give each stage a unit it can report, such as the loop iterations behind its checks. Each range is when a stretch's locations were called; the intervals its weight counts end at those calls, so its work starts before its range (setup before a first check counts toward the first stretch). Locations whose calls span several stretches (outer loops) are left out of the stretches and their time is spread over them. The weights are one run's shares of time: check them across inputs before relying on them.
Stages::new(pulse, &[
    PhaseSpec::new("/home/lilith/work/zen/fast-ssim2/fast-ssim2/src/pipeline/mod.rs:270", 9, Total::Estimated(67)), // calls 0.0 to 86.6 ms; 86.6 ms of intervals end at them; 67 checks: report a unit per check
    PhaseSpec::new("/home/lilith/work/zen/fast-ssim2/fast-ssim2/src/pipeline/simd.rs:736", 91, Total::Estimated(726)), // calls 86.6 to 951.1 ms; 864.5 ms of intervals end at them; 726 checks: report a unit per check
])

  fast-ssim2     100.0%       0.0 to    951.1 ms        793 checks
       42.4%     160.7 to    951.0 ms        480 checks  src/pipeline/simd.rs:736
       15.7%     160.7 to    951.0 ms         90 checks  src/pipeline/simd.rs:729
       15.5%     134.8 to    951.0 ms        105 checks  src/pipeline/simd.rs:702
        8.8%      14.9 to     84.7 ms         64 checks  src/pipeline/mod.rs:270

run-heavy: done rc=0 849s | peak-RSS 0.96GiB | min-avail 46136MiB | peak-load 21.91
run1-rc=0
